// Jest Snapshot v1, https://goo.gl/fbAQLP

exports[`Alert renders correctly 1`] = `
<div
  css={
    Object {
      "map": undefined,
      "name": "15ac0on",
      "next": undefined,
      "styles": "
        border-radius: 4px;
        border: solid 2px rgb(248, 196, 30);
        background-color: rgb(253, 239, 173);
        margin: 15px 15px 0px 15px;
        
    padding: 15px;
  
      ",
    }
  }
>
  <div
    className="Notification-heading-Style"
    css={
      Object {
        "map": undefined,
        "name": "kmpsy0",
        "next": undefined,
        "styles": "
          padding-top: 5px;
          padding-bottom: 10px;
        ",
      }
    }
  >
    test_title
  </div>
  <div
    className="Notification-body-Style"
    css={
      Object {
        "map": undefined,
        "name": "1a5rwwh",
        "next": undefined,
        "styles": "
          padding-top: 10px;
          padding-bottom: 5px;
        ",
      }
    }
    data-testid="alert-message"
  >
    this is test content
  </div>
</div>
`;
