// Jest Snapshot v1, https://goo.gl/fbAQLP

exports[`Alert renders correctly 1`] = `
<div
  css={
    Object {
      "map": undefined,
      "name": "15oc679",
      "next": undefined,
      "styles": "
	     border-radius: 4px;
	  	 border: solid 2px rgb(248, 196, 30);
	  	 background-color: rgb(253, 239, 173);
	  	 margin: 15px;
	  	 
    padding: 15px;
  
  	 ",
    }
  }
>
  <b>
    test_title
  </b>
  <p
    data-testid="alert-message"
  >
    this is test content
  </p>
</div>
`;
