// Jest Snapshot v1, https://goo.gl/fbAQLP

exports[`ArticleTab renders correctly 1`] = `
<div
  className="clickable"
  css={
    Object {
      "map": undefined,
      "name": "lcxyxv",
      "next": undefined,
      "styles": "
        
    padding: 15px;
    min-height: 30px;
  ;
        box-shadow: 0px 2px 4px 0px rgba(0, 0, 0, 0.5);
        border-left: 6px solid rgb(0,61,89);
        background-color: rgb(255, 255, 255);
      ",
    }
  }
  onClick={[Function]}
>
  <div
    className="Card-heading-Style"
    css={
      Object {
        "map": undefined,
        "name": "qiy98z",
        "next": undefined,
        "styles": "
          color: inherit;
          flex-grow: 1;
          font-weight: semi-bold;
        ",
      }
    }
    data-testid="articletab-article-card"
  >
    test Article 1
  </div>
  <div
    className="Card-sub-head-Style-gray"
    css={
      Object {
        "map": undefined,
        "name": "1hejrb1",
        "next": undefined,
        "styles": "
          padding-top: 6px;
          display: flex;
          flex-direction: vertical;
          line-height: 1.08;
          max-height: 42.12px; // line-height * font-size * 3
        ",
      }
    }
  >
    <div
      css={
        Object {
          "map": undefined,
          "name": "lz6rtp",
          "next": undefined,
          "styles": "
            width: 70%;
            overflow: hidden;
            text-overflow: ellipsis;
            flex-grow: 1;
          ",
        }
      }
    >
      testDescription
    </div>
    <div
      className="Card-meta-Style"
      css={
        Object {
          "map": undefined,
          "name": "4j3tb8",
          "next": undefined,
          "styles": "
            display: flex;
            flex-direction: column;
            justify-content: flex-end;
          ",
        }
      }
    >
      a few seconds ago
    </div>
  </div>
</div>
`;
