// Jest Snapshot v1, https://goo.gl/fbAQLP

exports[`BlockStatus renders correctly 1`] = `
<div
  css={
    Object {
      "map": undefined,
      "name": "180i97l",
      "next": undefined,
      "styles": "
        box-shadow: 0 2px 4px 0 rgba(212, 212, 212, 0.5);
        border: solid 1px #ececed;
        background-color: rgb(255, 255, 255);
        height: 74px;
        display: flex;
      ",
    }
  }
>
  <div
    css={
      Object {
        "map": undefined,
        "name": "pernti",
        "next": undefined,
        "styles": "
          
    display: flex;
    justify-content: center;
    flex-direction: column;
  
          flex-grow:1;
          text-align: center;
        ",
      }
    }
  >
    <div
      className="Card-heading-Style"
      css={
        Object {
          "map": undefined,
          "name": "2e2jvx",
          "next": undefined,
          "styles": "
            margin-bottom: 5px;
          ",
        }
      }
    >
      title
    </div>
    <div
      className="Card-sub-head-Style-gray"
    >
      anything
    </div>
  </div>
</div>
`;
