// Jest Snapshot v1, https://goo.gl/fbAQLP

exports[`DirectoryTab renders correctly 1`] = `
<div
  css={
    Object {
      "map": undefined,
      "name": "2b69ru",
      "next": undefined,
      "styles": "
          
    padding: 15px;
    min-height: 30px;
  
          background: #003d59;
          border-left: 6px solid #003d59;
      ",
    }
  }
  onClick={[Function]}
>
  <div
    className="Card-heading-Style-white"
    css={
      Object {
        "map": undefined,
        "name": "navq8c",
        "next": undefined,
        "styles": "
          
    margin: 0px 2px;
  
        ",
      }
    }
  >
    directory title
  </div>
</div>
`;
