// Jest Snapshot v1, https://goo.gl/fbAQLP

exports[`DirectoryTab renders correctly 1`] = `
<div
  className="clickable"
  css={
    Object {
      "map": undefined,
      "name": "1rvu5ew",
      "next": undefined,
      "styles": "
        
    padding: 15px;
    min-height: 30px;
  ;
        box-shadow: 0 2px 4px 0 rgba(212, 212, 212, 0.5);
        border: solid 1px #ececed;
        
    background: linear-gradient(to left, , #bb2aaa);
  ;
        border-left: 6px solid rgb(144, 32, 130);
      ",
    }
  }
  onClick={[Function]}
>
  <div
    className="Card-heading-Style"
    css={
      Object {
        "map": undefined,
        "name": "1bl45q",
        "next": undefined,
        "styles": "
          color: white;
          flex-grow: 1;
          font-weight: semi-bold;
        ",
      }
    }
    data-testid="articletab-article-card"
  >
    test Article 3
  </div>
  <div
    className="Card-sub-head-Style-gray"
    css={
      Object {
        "map": undefined,
        "name": "1hejrb1",
        "next": undefined,
        "styles": "
          padding-top: 6px;
          display: flex;
          flex-direction: vertical;
          line-height: 1.08;
          max-height: 42.12px; // line-height * font-size * 3
        ",
      }
    }
  >
    <div
      css={
        Object {
          "map": undefined,
          "name": "yv8zhf",
          "next": undefined,
          "styles": "
            color: white;
            width: 70%;
            overflow: hidden;
            text-overflow: ellipsis;
            flex-grow: 1;
          ",
        }
      }
    >
      testDescription
    </div>
  </div>
</div>
`;
