// Jest Snapshot v1, https://goo.gl/fbAQLP

exports[`DirectoryTab renders correctly 1`] = `
<div
  css={
    Object {
      "map": undefined,
      "name": "1j5mh0b",
      "next": undefined,
      "styles": "
          
    width: 100%;
    padding: 10px;
    min-height: 40px;
  
          background: rgb(120, 16, 137);
          border-left: 6px solid rgb(120, 16, 137);
      ",
    }
  }
>
  <a
    css={
      Object {
        "map": undefined,
        "name": "1tl9lwk",
        "next": undefined,
        "styles": "
          
    text-decoration: none;
    color: white;
  
          
    margin: 0px 2px;
  
        ",
      }
    }
    href="location"
  >
    directory title
  </a>
</div>
`;
