// Jest Snapshot v1, https://goo.gl/fbAQLP

exports[`Large Button renders correctly 1`] = `
<div
  css={
    Object {
      "map": undefined,
      "name": "17k9f9t",
      "next": undefined,
      "styles": "
        
    display: flex;
    justify-content: center;
    flex-direction: column;
  
        padding: 0px 10px;
        border-radius: 4px;
        box-shadow: 0 2px 4px 0 rgba(212, 212, 212, 0.5);
        border: solid 1px #ececed;
        margin: 0px 15px;
        text-align: center;
        height: 50px;
        background-color: rgb(255, 255, 255);
        
      ",
    }
  }
  data-testid="large-button"
  onClick={[Function]}
>
  <div
    className="Button-heading-Style"
    css={
      Object {
        "map": undefined,
        "name": "7tk8ru",
        "next": undefined,
        "styles": "
          margin: 0px 20px;
          color: rgb(0,61,89);
        ",
      }
    }
  >
    press me
  </div>
</div>
`;
