// Jest Snapshot v1, https://goo.gl/fbAQLP

exports[`ONS Logo renders correctly 1`] = `
<div
  css={
    Object {
      "map": undefined,
      "name": "tejz0l",
      "next": undefined,
      "styles": "
        width: 100vw;
        
    background: linear-gradient(to left, #003d59, #33637a);
  ;
      ",
    }
  }
>
  <img
    alt="Main logo"
    css={
      Object {
        "map": undefined,
        "name": "10mfl7n",
        "next": undefined,
        "styles": "
          padding: 0px 15px 20px 15px;
        ",
      }
    }
    src="/ONS_logo.svg"
  />
</div>
`;
