// Jest Snapshot v1, https://goo.gl/fbAQLP

exports[`PageTitle renders correctly 1`] = `
<h1
  className="Article-Title-Style"
  data-testid="search-result-title"
  css={
    Object {
      "map": undefined,
      "name": "12cq9cc",
      "next": undefined,
      "styles": "
        
    padding: 5px 15px;
  
        display: flex;
      ",
    }
  }
>
  This is a title
</h1>
`;
