// Jest Snapshot v1, https://goo.gl/fbAQLP

exports[`PaginationBar renders correctly 1`] = `
<div
  css={
    Object {
      "map": undefined,
      "name": "d1qmp1",
      "next": undefined,
      "styles": "
        padding: 15px 0px;
      ",
    }
  }
>
  <div
    className="Button-subhead-Style"
    css={
      Object {
        "map": undefined,
        "name": "1dmo2ca",
        "next": undefined,
        "styles": "
          display: flex;
          
    padding: 5px 15px;
  
        ",
      }
    }
  >
    <div
      css={
        Object {
          "map": undefined,
          "name": "1k0aln6",
          "next": undefined,
          "styles": "
            flex-grow: 1;
          ",
        }
      }
      data-testid="pagination-element-showing"
    >
      Showing 
      1
      -
      5
       of 
      10
    </div>
    <div>
      Show 
      5
       per page
    </div>
  </div>
  <div
    css={
      Object {
        "map": undefined,
        "name": "1sf84gv",
        "next": undefined,
        "styles": "
          display: flex;
          justify-content: center;
        ",
      }
    }
  >
    <div
      className="Article-Title-Style clickable"
      css={
        Object {
          "map": undefined,
          "name": "1j335gw",
          "next": undefined,
          "styles": "
        padding: 0px 5px;
        text-decoration: underline;
      ",
        }
      }
      data-testid="pagination-1-button"
      onClick={[Function]}
    >
      1
    </div>
    <div
      className="Article-Title-Style clickable"
      css={
        Object {
          "map": undefined,
          "name": "tvdd9t",
          "next": undefined,
          "styles": "
        padding: 0px 5px;
        text-decoration: none;
      ",
        }
      }
      data-testid="pagination-2-button"
      onClick={[Function]}
    >
      2
    </div>
    <div
      className="Article-Title-Style clickable"
      css={
        Object {
          "map": undefined,
          "name": "tvdd9t",
          "next": undefined,
          "styles": "
        padding: 0px 5px;
        text-decoration: none;
      ",
        }
      }
      data-testid="pagination-next-button"
      onClick={[Function]}
    >
      <svg
        aria-hidden="true"
        className="svg-inline--fa fa-angle-right fa-w-8 "
        data-icon="angle-right"
        data-prefix="fas"
        focusable="false"
        role="img"
        style={Object {}}
        viewBox="0 0 256 512"
        xmlns="http://www.w3.org/2000/svg"
      >
        <path
          d="M224.3 273l-136 136c-9.4 9.4-24.6 9.4-33.9 0l-22.6-22.6c-9.4-9.4-9.4-24.6 0-33.9l96.4-96.4-96.4-96.4c-9.4-9.4-9.4-24.6 0-33.9L54.3 103c9.4-9.4 24.6-9.4 33.9 0l136 136c9.5 9.4 9.5 24.6.1 34z"
          fill="currentColor"
          style={Object {}}
        />
      </svg>
    </div>
    <div
      className="Article-Title-Style clickable"
      css={
        Object {
          "map": undefined,
          "name": "tvdd9t",
          "next": undefined,
          "styles": "
        padding: 0px 5px;
        text-decoration: none;
      ",
        }
      }
      data-testid="pagination-last-button"
      onClick={[Function]}
    >
      <svg
        aria-hidden="true"
        className="svg-inline--fa fa-angle-double-right fa-w-14 "
        data-icon="angle-double-right"
        data-prefix="fas"
        focusable="false"
        role="img"
        style={Object {}}
        viewBox="0 0 448 512"
        xmlns="http://www.w3.org/2000/svg"
      >
        <path
          d="M224.3 273l-136 136c-9.4 9.4-24.6 9.4-33.9 0l-22.6-22.6c-9.4-9.4-9.4-24.6 0-33.9l96.4-96.4-96.4-96.4c-9.4-9.4-9.4-24.6 0-33.9L54.3 103c9.4-9.4 24.6-9.4 33.9 0l136 136c9.5 9.4 9.5 24.6.1 34zm192-34l-136-136c-9.4-9.4-24.6-9.4-33.9 0l-22.6 22.6c-9.4 9.4-9.4 24.6 0 33.9l96.4 96.4-96.4 96.4c-9.4 9.4-9.4 24.6 0 33.9l22.6 22.6c9.4 9.4 24.6 9.4 33.9 0l136-136c9.4-9.2 9.4-24.4 0-33.8z"
          fill="currentColor"
          style={Object {}}
        />
      </svg>
    </div>
  </div>
</div>
`;
