// Jest Snapshot v1, https://goo.gl/fbAQLP

exports[`TextBlock renders correctly 1`] = `
<div
  className="Article-body-Style"
  css={
    Object {
      "map": undefined,
      "name": "bsbyq4",
      "next": undefined,
      "styles": "
        
    padding: 5px 15px;
  ;
        margin-bottom: 20px;
      ",
    }
  }
>
  Text block content
</div>
`;
