// Jest Snapshot v1, https://goo.gl/fbAQLP

exports[`TopBarLink renders correctly 1`] = `
<div
  className="Header-button-Style clickable"
  css={
    Object {
      "map": undefined,
      "name": "1qbb1d3",
      "next": undefined,
      "styles": "
        
    display: flex;
    justify-content: center;
    flex-direction: column;
  
        padding: 0px 10px;
        background-color: rgba(255, 255, 255, 0.2);
        border-radius: 4px;
        margin: 10px 10px 10px 0px;
        min-width: 20px;
        object-fit: contain;
        text-align: center;
        height: 40px;
      ",
    }
  }
  data-testid="topbarlink-button"
  onClick={[Function]}
>
  menu
</div>
`;
