// Jest Snapshot v1, https://goo.gl/fbAQLP

exports[`div rendering renders normally when online 1`] = `
<div
  data-testid="offlinable-container"
  style={
    Object {
      "display": "",
    }
  }
>
  <div
    className="webchat-link"
    data-testid="webchat-link"
  >
    <div
      id="chat-button-container"
    />
  </div>
</div>
`;
