// Jest Snapshot v1, https://goo.gl/fbAQLP

exports[`Most Recent renders correctly 1`] = `
<div
  css={
    Object {
      "map": undefined,
      "name": "vkixka",
      "next": undefined,
      "styles": "
        height: 100vh;
        display: flex;
        flex-direction: column;
      ",
    }
  }
>
  <header
    css={
      Object {
        "map": undefined,
        "name": "tejz0l",
        "next": undefined,
        "styles": "
        width: 100vw;
        
    background: linear-gradient(to left, #003d59, #33637a);
  ;
      ",
      }
    }
  >
    <div
      css={
        Object {
          "map": undefined,
          "name": "1thgah9",
          "next": undefined,
          "styles": "
            display: flex;
          ",
        }
      }
    >
      <div
        className="Header-Title-Style"
        css={
          Object {
            "map": undefined,
            "name": "17ih1bc",
            "next": undefined,
            "styles": "
              
    display: flex;
    justify-content: center;
    flex-direction: column;
  
              
    padding: 15px;
  
              flex-grow: 1;
            ",
          }
        }
      >
        Census Field Assistant
      </div>
      <div
        className="Header-button-Style"
        css={
          Object {
            "map": undefined,
            "name": "1sm5jo",
            "next": undefined,
            "styles": "
        
    display: flex;
    justify-content: center;
    flex-direction: column;
  
        padding: 0px 10px;
        background-color: rgb(255, 255, 255, 0.2);
        border-radius: 4px;
        margin: 10px 10px 10px 0px;
        min-width: 20px;
        object-fit: contain;
        text-align: center;
        height: 40px;
      ",
          }
        }
        onClick={[Function]}
      >
        <svg
          aria-hidden="true"
          className="svg-inline--fa fa-search fa-w-16 "
          data-icon="search"
          data-prefix="fas"
          focusable="false"
          role="img"
          style={Object {}}
          viewBox="0 0 512 512"
          xmlns="http://www.w3.org/2000/svg"
        >
          <path
            d="M505 442.7L405.3 343c-4.5-4.5-10.6-7-17-7H372c27.6-35.3 44-79.7 44-128C416 93.1 322.9 0 208 0S0 93.1 0 208s93.1 208 208 208c48.3 0 92.7-16.4 128-44v16.3c0 6.4 2.5 12.5 7 17l99.7 99.7c9.4 9.4 24.6 9.4 33.9 0l28.3-28.3c9.4-9.4 9.4-24.6.1-34zM208 336c-70.7 0-128-57.2-128-128 0-70.7 57.2-128 128-128 70.7 0 128 57.2 128 128 0 70.7-57.2 128-128 128z"
            fill="currentColor"
            style={Object {}}
          />
        </svg>
      </div>
      <div
        className="Header-button-Style"
        css={
          Object {
            "map": undefined,
            "name": "1sm5jo",
            "next": undefined,
            "styles": "
        
    display: flex;
    justify-content: center;
    flex-direction: column;
  
        padding: 0px 10px;
        background-color: rgb(255, 255, 255, 0.2);
        border-radius: 4px;
        margin: 10px 10px 10px 0px;
        min-width: 20px;
        object-fit: contain;
        text-align: center;
        height: 40px;
      ",
          }
        }
        onClick={[Function]}
      >
        Menu
      </div>
    </div>
  </header>
  <div
    css={
      Object {
        "map": undefined,
        "name": "o9ztju",
        "next": undefined,
        "styles": "
          
    margin: 0 auto;
    max-width: 700px;
  
          overflow: scroll;
          width: 100vw;
          display: flex;
          flex-direction: column;
          flex-grow: 1;
        ",
      }
    }
  >
    <div
      css={
        Object {
          "map": undefined,
          "name": "1k0aln6",
          "next": undefined,
          "styles": "
            flex-grow: 1;
          ",
        }
      }
    >
      <div
        css={
          Object {
            "map": undefined,
            "name": "ypl6yy",
            "next": undefined,
            "styles": "
        border-bottom: 1px rgb(229, 229, 234) solid;
        padding: 15px 0px;
      ",
          }
        }
      >
        <div
          css={
            Object {
              "map": undefined,
              "name": "15bgetd",
              "next": undefined,
              "styles": "
        
    display: flex;
    justify-content: center;
    flex-direction: column;
  
        padding: 0px 10px;
        border-radius: 4px;
        box-shadow: 0 2px 4px 0 rgba(212, 212, 212, 0.5);
        border: solid 1px #ececed;
        margin: 0px 10px;
        text-align: center;
        height: 40px;
        background-color: rgb(255, 255, 255);
      ",
            }
          }
        >
          <div
            css={
              Object {
                "map": undefined,
                "name": "1qs2efx",
                "next": undefined,
                "styles": "
            position: relative;
            color: #003d59;
          ",
              }
            }
          >
            <div
              css={
                Object {
                  "map": undefined,
                  "name": "1wo7hj",
                  "next": undefined,
                  "styles": "
              position: absolute;
            ",
                }
              }
            >
              <svg
                aria-hidden="true"
                className="svg-inline--fa fa-book fa-w-14 "
                data-icon="book"
                data-prefix="fas"
                focusable="false"
                role="img"
                style={Object {}}
                viewBox="0 0 448 512"
                xmlns="http://www.w3.org/2000/svg"
              >
                <path
                  d="M448 360V24c0-13.3-10.7-24-24-24H96C43 0 0 43 0 96v320c0 53 43 96 96 96h328c13.3 0 24-10.7 24-24v-16c0-7.5-3.5-14.3-8.9-18.7-4.2-15.4-4.2-59.3 0-74.7 5.4-4.3 8.9-11.1 8.9-18.6zM128 134c0-3.3 2.7-6 6-6h212c3.3 0 6 2.7 6 6v20c0 3.3-2.7 6-6 6H134c-3.3 0-6-2.7-6-6v-20zm0 64c0-3.3 2.7-6 6-6h212c3.3 0 6 2.7 6 6v20c0 3.3-2.7 6-6 6H134c-3.3 0-6-2.7-6-6v-20zm253.4 250H96c-17.7 0-32-14.3-32-32 0-17.6 14.4-32 32-32h285.4c-1.9 17.1-1.9 46.9 0 64z"
                  fill="currentColor"
                  style={Object {}}
                />
              </svg>
            </div>
          </div>
          <a
            className="Button-heading-Style"
            css={
              Object {
                "map": undefined,
                "name": "1mhjxs4",
                "next": undefined,
                "styles": "
          margin: 0px 20px;
          text-decoration: none;
          color: #003d59;
        ",
              }
            }
            href="/menu"
          >
            Explore Content
          </a>
        </div>
      </div>
      <h1
        className="Article-Title-Style"
        css={
          Object {
            "map": undefined,
            "name": "12cq9cc",
            "next": undefined,
            "styles": "
        
    padding: 5px 15px;
  
        display: flex;
      ",
          }
        }
      >
        Recently Updated
      </h1>
      <p
        className="Article-body-Style"
        css={
          Object {
            "map": undefined,
            "name": "pywoey",
            "next": undefined,
            "styles": "
        
    padding: 5px 15px;
  ;
      ",
          }
        }
      >
        <b>
          Most recent changes, need to check with Phil to see if there's actually content for this
        </b>
      </p>
      <div
        css={
          Object {
            "map": undefined,
            "name": "1p7jpnp",
            "next": undefined,
            "styles": "
        
    padding: 15px 0px;
  ;
      ",
          }
        }
      >
        <div
          css={
            Object {
              "map": undefined,
              "name": "1mij31f",
              "next": undefined,
              "styles": "
        
    margin: 2px 0px;
  ;
      ",
            }
          }
        >
          <div
            css={
              Object {
                "map": undefined,
                "name": "1q53lw7",
                "next": undefined,
                "styles": "
        
    padding: 15px;
    min-height: 30px;
  ;
        box-shadow: 0px 2px 4px 0px rgba(0, 0, 0, 0.5);
        border-left: 6px solid #003d59;
        background-color: rgb(255, 255, 255);
      ",
              }
            }
          >
            <a
              className="Card-heading-Style"
              css={
                Object {
                  "map": undefined,
                  "name": "9t9vj8",
                  "next": undefined,
                  "styles": "
          text-decoration: none;
          color: inherit;
          flex-grow: 1;
          font-weight: semi-bold;
        ",
                }
              }
              href="test1"
            >
              testArticle1
            </a>
            <div
              className="Card-sub-head-Style-gray"
              css={
                Object {
                  "map": undefined,
                  "name": "1hejrb1",
                  "next": undefined,
                  "styles": "
          padding-top: 6px;
          display: flex;
          flex-direction: vertical;
          line-height: 1.08;
          max-height: 42.12px; // line-height * font-size * 3
        ",
                }
              }
            >
              <div
                css={
                  Object {
                    "map": undefined,
                    "name": "lz6rtp",
                    "next": undefined,
                    "styles": "
            width: 70%;
            overflow: hidden;
            text-overflow: ellipsis;
            flex-grow: 1;
          ",
                  }
                }
              >
                testDescription
              </div>
              <div
                className="Card-meta-Style"
                css={
                  Object {
                    "map": undefined,
                    "name": "4j3tb8",
                    "next": undefined,
                    "styles": "
            display: flex;
            flex-direction: column;
            justify-content: flex-end;
          ",
                  }
                }
              >
                a few seconds ago
              </div>
            </div>
          </div>
        </div>
        <div
          css={
            Object {
              "map": undefined,
              "name": "1mij31f",
              "next": undefined,
              "styles": "
        
    margin: 2px 0px;
  ;
      ",
            }
          }
        >
          <div
            css={
              Object {
                "map": undefined,
                "name": "1q53lw7",
                "next": undefined,
                "styles": "
        
    padding: 15px;
    min-height: 30px;
  ;
        box-shadow: 0px 2px 4px 0px rgba(0, 0, 0, 0.5);
        border-left: 6px solid #003d59;
        background-color: rgb(255, 255, 255);
      ",
              }
            }
          >
            <a
              className="Card-heading-Style"
              css={
                Object {
                  "map": undefined,
                  "name": "9t9vj8",
                  "next": undefined,
                  "styles": "
          text-decoration: none;
          color: inherit;
          flex-grow: 1;
          font-weight: semi-bold;
        ",
                }
              }
              href="test"
            >
              testArticle2
            </a>
            <div
              className="Card-sub-head-Style-gray"
              css={
                Object {
                  "map": undefined,
                  "name": "1hejrb1",
                  "next": undefined,
                  "styles": "
          padding-top: 6px;
          display: flex;
          flex-direction: vertical;
          line-height: 1.08;
          max-height: 42.12px; // line-height * font-size * 3
        ",
                }
              }
            >
              <div
                css={
                  Object {
                    "map": undefined,
                    "name": "lz6rtp",
                    "next": undefined,
                    "styles": "
            width: 70%;
            overflow: hidden;
            text-overflow: ellipsis;
            flex-grow: 1;
          ",
                  }
                }
              >
                testDescription
              </div>
              <div
                className="Card-meta-Style"
                css={
                  Object {
                    "map": undefined,
                    "name": "4j3tb8",
                    "next": undefined,
                    "styles": "
            display: flex;
            flex-direction: column;
            justify-content: flex-end;
          ",
                  }
                }
              >
                a few seconds ago
              </div>
            </div>
          </div>
        </div>
      </div>
    </div>
    <div
      css={
        Object {
          "map": undefined,
          "name": "ej75ms",
          "next": undefined,
          "styles": "
        
    padding: 30px 0px;
  
        width: 100%;
        padding: 10px 0px;
        background-color: rgb(236, 236, 237);
        display: flex;
        min-height: 100px;
        flex-direction: column;
        justify-content: center;
        flex-shrink: 0;
      ",
        }
      }
    >
      <img
        alt="Footer logo"
        css={
          Object {
            "map": undefined,
            "name": "1v6eegl",
            "next": undefined,
            "styles": "
          margin-bottom: 50px;
          margin-top: 50px;
        ",
          }
        }
        src="/footer_logo.svg"
      />
      <div
        css={
          Object {
            "map": undefined,
            "name": "buygrl",
            "next": undefined,
            "styles": "
            margin-bottom: 34px;
          ",
          }
        }
      >
        <div
          css={
            Object {
              "map": undefined,
              "name": "15bgetd",
              "next": undefined,
              "styles": "
        
    display: flex;
    justify-content: center;
    flex-direction: column;
  
        padding: 0px 10px;
        border-radius: 4px;
        box-shadow: 0 2px 4px 0 rgba(212, 212, 212, 0.5);
        border: solid 1px #ececed;
        margin: 0px 10px;
        text-align: center;
        height: 40px;
        background-color: rgb(255, 255, 255);
      ",
            }
          }
        >
          <div
            css={
              Object {
                "map": undefined,
                "name": "1qs2efx",
                "next": undefined,
                "styles": "
            position: relative;
            color: #003d59;
          ",
              }
            }
          >
            <div
              css={
                Object {
                  "map": undefined,
                  "name": "1wo7hj",
                  "next": undefined,
                  "styles": "
              position: absolute;
            ",
                }
              }
            >
              <svg
                aria-hidden="true"
                className="svg-inline--fa fa-phone fa-w-16 "
                data-icon="phone"
                data-prefix="fas"
                focusable="false"
                role="img"
                style={Object {}}
                viewBox="0 0 512 512"
                xmlns="http://www.w3.org/2000/svg"
              >
                <path
                  d="M493.4 24.6l-104-24c-11.3-2.6-22.9 3.3-27.5 13.9l-48 112c-4.2 9.8-1.4 21.3 6.9 28l60.6 49.6c-36 76.7-98.9 140.5-177.2 177.2l-49.6-60.6c-6.8-8.3-18.2-11.1-28-6.9l-112 48C3.9 366.5-2 378.1.6 389.4l24 104C27.1 504.2 36.7 512 48 512c256.1 0 464-207.5 464-464 0-11.2-7.7-20.9-18.6-23.4z"
                  fill="currentColor"
                  style={Object {}}
                />
              </svg>
            </div>
          </div>
          <a
            className="Button-heading-Style"
            css={
              Object {
                "map": undefined,
                "name": "1mhjxs4",
                "next": undefined,
                "styles": "
          margin: 0px 20px;
          text-decoration: none;
          color: #003d59;
        ",
              }
            }
            href="/call_centre"
          >
            Census Field Support
          </a>
        </div>
      </div>
      <div
        className="Footer-Style"
      >
        © Office for National Statistics 2019
      </div>
    </div>
  </div>
</div>
`;
